[baseline] OK task=classification score=56 grade=D brier=0.11002416515448715 ece=0.06549263271523256 degraded=None n_classes=2 err={'total_errors': 32, 'overall_error_rate': 0.16}
[pandas X/y] OK task=classification score=56 grade=D brier=0.11002416515448715 ece=0.06549263271523255 degraded=None n_classes=2 err={'total_errors': 32, 'overall_error_rate': 0.16}
[pandas y_prob DF] EXC KeyError: (slice(None, None, None), 1)
[list y_prob] EXC AttributeError: 'list' object has no attribute 'ndim'
[list y_true] OK task=classification score=56 grade=D brier=0.11002416515448715 ece=0.06549263271523256 degraded=None n_classes=2 err={'total_errors': 32, 'overall_error_rate': 0.16}
[string labels sklearn] OK task=classification score=56 grade=D brier=0.11002416515448715 ece=0.06549263271523256 degraded=None n_classes=2 err={'total_errors': 32, 'overall_error_rate': 0.16}
[string labels manual y_prob only] EXC ValueError: invalid literal for int() with base 10: np.str_('yes')
[string labels manual +class_labels] OK task=classification score=56 grade=D brier=0.11002416515448715 ece=0.06549263271523256 degraded=None n_classes=2 err={'total_errors': 32, 'overall_error_rate': 0.16}
[labels {1,2} sklearn] OK task=classification score=56 grade=D brier=0.11002416515448715 ece=0.06549263271523256 degraded=None n_classes=2 err={'total_errors': 32, 'overall_error_rate': 0.16}
[labels {1,2} manual y_prob] EXC ValueError: brier_score expects binary labels (0/1). Got unique values: [1. 2.].
[labels {1,2} manual y_pred+y_prob] EXC ValueError: brier_score expects binary labels (0/1). Got unique values: [1. 2.].
[mc labels 1..3 sklearn] OK task=classification score=39 grade=D brier=0.47513670397712576 ece=0.04792211699127043 degraded=None n_classes=3 err={'total_errors': 104, 'overall_error_rate': 0.3467}
[mc labels 1..3 manual y_prob] EXC IndexError: index 3 is out of bounds for axis 0 with size 3
[mc labels 1..3 manual y_pred+y_prob] EXC IndexError: index 3 is out of bounds for axis 0 with size 3
[binary reversed y_prob cols (sklearn model)] OK task=classification score=0 grade=D brier=0.6492596986840207 ece=0.6885087967642919 degraded=None n_classes=2 err={'total_errors': 168, 'overall_error_rate': 0.84}
[1-D y_prob sklearn] OK task=classification score=56 grade=D brier=0.11002416515448715 ece=0.06549263271523256 degraded=None n_classes=2 err={'total_errors': 32, 'overall_error_rate': 0.16}
[1-D y_prob manual] EXC AxisError: axis 1 is out of bounds for array of dimension 1
[1-D y_prob manual + y_pred] EXC ValueError: y_prob must be a 2D array. Found shape: (200,). Consult docs/internal/prediction_contract.md for details.
[NaN y_prob] EXC ValueError: y_prob contains non-finite values (NaN or Inf).
[NaN X] EXC ValueError: Input X contains NaN.
LogisticRegression does not accept missing values encoded as NaN natively. For supervised learning, you might want to consider sklearn.ensemble.HistGradientBoostingClassifier and
[NaN y_true] EXC ValueError: y_true contains labels that are missing from class_labels.
[y_prob rows not summing to 1] OK task=classification score=24 grade=D brier=0.2153403454038925 ece=0.26047749161292477 degraded=None n_classes=2 err={'total_errors': 32, 'overall_error_rate': 0.16}
[y_true shorter] EXC ValueError: Invalid input shapes for brier_score: y_true has shape (190,), but y_prob has shape (200,). Both arrays must be 1D and have the same length, for example y_true shape (n_samples,) and y_prob shape (n_s
[y_true longer (manual)] EXC ValueError: Invalid input shapes for brier_score: y_true has shape (210,), but y_prob has shape (200,). Both arrays must be 1D and have the same length, for example y_true shape (n_samples,) and y_prob shape (n_s
[single-class y_true] OK task=classification score=0 grade=D brier=0.4005969151451035 ece=0.5209549832258495 degraded=None n_classes=1 err={'total_errors': 110, 'overall_error_rate': 0.55}
[int regression target auto] EXC NotImplementedError: TrustLens currently supports classification models only. Model type 'LinearRegression' is not a recognized classifier.
[int-valued float regression target auto] EXC NotImplementedError: TrustLens currently supports classification models only. Model type 'LinearRegression' is not a recognized classifier.
[int regression target task=regression] OK task=regression score=100 grade=A brier=None ece=None degraded=None n_classes=None err=None
LOG WARNING trustlens.core.pipeline: Skipped calibration: y_prob is missing.
LOG WARNING trustlens.core.pipeline: Degraded failure analysis: y_prob is missing. Confidence metrics skipped.
[regression y_pred manual int target] OK task=classification score=3 grade=D brier=None ece=None degraded=True n_classes=159 err={'total_errors': 300, 'overall_error_rate': 1.0}
[bad task] EXC ValueError: Invalid task 'Regression'. Use 'auto', 'classification', or 'regression'.
[sens dict np] OK task=classification score=56 grade=D brier=0.11002416515448715 ece=0.06549263271523256 degraded=None n_classes=2 err={'total_errors': 32, 'overall_error_rate': 0.16}
[sens dict pandas] OK task=classification score=56 grade=D brier=0.11002416515448715 ece=0.06549263271523256 degraded=None n_classes=2 err={'total_errors': 32, 'overall_error_rate': 0.16}
[sens dict list] OK task=classification score=56 grade=D brier=0.11002416515448715 ece=0.06549263271523256 degraded=None n_classes=2 err={'total_errors': 32, 'overall_error_rate': 0.16}
[sens wrong length] EXC IndexError: boolean index did not match indexed array along axis 0; size of axis is 200 but size of corresponding boolean axis is 50
[sens DataFrame] EXC ValueError: The truth value of a DataFrame is ambiguous. Use a.empty, a.bool(), a.item(), a.any() or a.all().
[sens single group] OK task=classification score=56 grade=D brier=0.11002416515448715 ece=0.06549263271523256 degraded=None n_classes=2 err={'total_errors': 32, 'overall_error_rate': 0.16}
[sens with NaN] EXC ValueError: Found empty input array (e.g., `y_true` or `y_pred`) while a minimum of 1 sample is required.
[modules=[] ] OK task=classification score=56 grade=D brier=0.11002416515448715 ece=0.06549263271523256 degraded=None n_classes=2 err={'total_errors': 32, 'overall_error_rate': 0.16}
[modules typo] OK task=classification score=0 grade=D brier=None ece=None degraded=None n_classes=2 err=None
[unknown plugin] EXC KeyError: "Plugin 'nope' is not registered. Available plugins: [(none)]"
